HTML_TYPE_NAME | na |  | 
UNKNOWN_TYPE | np |  | 
HTML_TYPE_GIVEN_NAME | ng |  | 
HTML_TYPE_ADDITIONAL_NAME | nm |  | 
HTML_TYPE_ADDITIONAL_NAME_INITIAL | n1 |  | 
HTML_TYPE_FAMILY_NAME | nf |  | 
UNKNOWN_TYPE | ns |  | 
UNKNOWN_TYPE | nn |  | 
UNKNOWN_TYPE | no |  | 
HTML_TYPE_ORGANIZATION | ao |  | 
HTML_TYPE_STREET_ADDRESS | af |  | 
HTML_TYPE_ADDRESS_LINE1 | a1 |  | 
HTML_TYPE_ADDRESS_LINE2 | a2 |  | 
UNKNOWN_TYPE | a3 |  | 
HTML_TYPE_LOCALITY | al |  | 
HTML_TYPE_REGION | ar |  | 
HTML_TYPE_COUNTRY_CODE | ac |  | 
HTML_TYPE_COUNTRY_NAME | an |  | 
HTML_TYPE_POSTAL_CODE | ap |  | 
HTML_TYPE_CREDIT_CARD_NAME | cn |  | 
UNKNOWN_TYPE | cg |  | 
UNKNOWN_TYPE | ca |  | 
UNKNOWN_TYPE | cf |  | 
HTML_TYPE_CREDIT_CARD_NUMBER | cc |  | 
HTML_TYPE_CREDIT_CARD_EXP | ce |  | 
HTML_TYPE_CREDIT_CARD_EXP_DATE_2_DIGIT_YEAR | c5 |  | 
HTML_TYPE_CREDIT_CARD_EXP_DATE_4_DIGIT_YEAR | c7 |  | 
HTML_TYPE_CREDIT_CARD_EXP_MONTH | cm |  | 
HTML_TYPE_CREDIT_CARD_EXP_YEAR | cy |  | 
HTML_TYPE_CREDIT_CARD_EXP_2_DIGIT_YEAR | c2 |  | 
HTML_TYPE_CREDIT_CARD_EXP_4_DIGIT_YEAR | c4 |  | 
HTML_TYPE_CREDIT_CARD_VERIFICATION_CODE | cs |  | 
HTML_TYPE_CREDIT_CARD_TYPE | ct |  | 
UNKNOWN_TYPE | xl |  | 
UNKNOWN_TYPE | xb |  | 
UNKNOWN_TYPE | xd |  | 
UNKNOWN_TYPE | xm |  | 
UNKNOWN_TYPE | xy |  | 
UNKNOWN_TYPE | xs |  | 
UNKNOWN_TYPE | xu |  | 
UNKNOWN_TYPE | xp |  | 
HTML_TYPE_EMAIL | em |  | 
UNKNOWN_TYPE | im |  | 
HTML_TYPE_TEL | tt |  | 
HTML_TYPE_TEL_COUNTRY_CODE | tc |  | 
HTML_TYPE_TEL_NATIONAL | tn |  | 
HTML_TYPE_TEL_AREA_CODE | ta |  | 
HTML_TYPE_TEL_LOCAL | tl |  | 
HTML_TYPE_TEL_LOCAL_PREFIX | tp |  | 
HTML_TYPE_TEL_LOCAL_SUFFIX | ts |  | 
UNKNOWN_TYPE | te |  | 
