EMAIL_ADDRESS | FormField[1][1] | * Email Address: | 
UNKNOWN_TYPE | FormField[1][2] | * Password: | 
UNKNOWN_TYPE | FormField[1][3] | * Confirm Password: | 
NAME_FIRST | FormField[2][4] | * First Name: | 
NAME_LAST | FormField[2][5] | * Last Name: | 
COMPANY_NAME | FormField[2][6] | * Company Name: | 
PHONE_HOME_WHOLE_NUMBER | FormField[2][7] | * Phone Number: | 
ADDRESS_HOME_LINE1 | FormField[2][8] | * Address Line 1: | 
ADDRESS_HOME_LINE2 | FormField[2][9] | * Address Line 2: | 
ADDRESS_HOME_CITY | FormField[2][10] | * Suburb/City: | 
ADDRESS_HOME_COUNTRY | FormField[2][11] | * Country: | United States
ADDRESS_HOME_STATE | FormField[2][12] | * State/Province: | 
ADDRESS_HOME_ZIP | FormField[2][13] | * Zip/Postcode: | 
