NAME_FIRST | fn | 名字: | 
NAME_LAST | ln | 姓氏: | 
COMPANY_NAME | cm | 公司: | 
ADDRESS_HOME_LINE1 | a1 | 住家地址: | 
ADDRESS_HOME_LINE2 | a2 | 地址: | 
ADDRESS_HOME_CITY | ct | 分區: | 
ADDRESS_HOME_ZIP | zc | 郵遞區號: | 
ADDRESS_HOME_STATE | st | 地區: | 
EMAIL_ADDRESS | em | 電郵地址: | 
PHONE_HOME_WHOLE_NUMBER | ph | 電話: | 
CREDIT_CARD_NAME | c1 | 持卡人姓名: | 
CREDIT_CARD_NUMBER | c2 | 信用卡卡號: | 
CREDIT_CARD_EXP_MONTH | c3 | 月: | 
CREDIT_CARD_EXP_4_DIGIT_YEAR | c4 | 年: | 
