NAME_FIRST | fn | 名: | 
NAME_LAST | ln | 姓: | 
COMPANY_NAME | cm | 会社: | 
ADDRESS_HOME_LINE1 | a1 | 住所: | 
ADDRESS_HOME_LINE2 | a2 | Address line 2: | 
ADDRESS_HOME_CITY | ct | 市区町村: | 
ADDRESS_HOME_ZIP | zc | 郵便番号: | 
ADDRESS_HOME_STATE | st | 都道府県: | 
EMAIL_ADDRESS | em | メールアドレス: | 
PHONE_HOME_WHOLE_NUMBER | ph | 電話番号: | 
CREDIT_CARD_NAME | c1 | 名前（フルネーム）: | 
CREDIT_CARD_NUMBER | c2 | カード番号: | 
CREDIT_CARD_EXP_MONTH | c3 | 有効期限: | 
CREDIT_CARD_EXP_4_DIGIT_YEAR | c4 | 有効期限: | 
