EMAIL_ADDRESS | email1 | Email: | 
EMAIL_ADDRESS | email2 | Confirm                           email: | 
UNKNOWN_TYPE | website | Website: | 
PHONE_HOME_WHOLE_NUMBER | phone | Phone: | 
UNKNOWN_TYPE | timezone | Time Zone: | 1
UNKNOWN_TYPE | password | Password: | 
UNKNOWN_TYPE | RePassword | Confirm                           password: | 
NAME_FULL | name | Name: | 
COMPANY_NAME | company | Company: | 
ADDRESS_HOME_LINE1 | address | Address: | 
ADDRESS_HOME_CITY | city | City: | 
ADDRESS_HOME_STATE | province | State: | 
ADDRESS_HOME_ZIP | zipCode | Zip                           code: | 
ADDRESS_HOME_COUNTRY | country | Country: | US
UNKNOWN_TYPE | termcheck | Country: | ON
UNKNOWN_TYPE | securityCode | Enter                           the security code shown below: | 
