NAME_FULL | X1mRVeMqejLnZpd1etxNGHllat2M | Name: | 
EMAIL_ADDRESS | X129ZdMbfixhIflk8_zHDFWB72qk | Email: | 
UNKNOWN_TYPE | X2n9HcN3dx1-mSbLywp_L-szMydw | Username: | 
UNKNOWN_TYPE | X2npVZtzEyUCnSbLywp_L-szMydw | Password: | 
UNKNOWN_TYPE | XwnpVZtzEyUCnO_sWtjjnr86sK5Q | Confirm Password: | 
UNKNOWN_TYPE | X2mZVe8jGx1WmSbLywp_L-szMydw | Language: | 275
ADDRESS_HOME_COUNTRY | X1WlbYMHH1EvuThNjGRupsu5JwuU | Country: | US
UNKNOWN_TYPE | X2n5deMrJyVymSbLywp_L-szMydw | Time Zone: | America/New_York
UNKNOWN_TYPE | Xw3lRdtrBz0a6O-kMvS36tMzvLDU | Security Question: | What was the name of your first pet?
UNKNOWN_TYPE | X3WlBZtvcy22yEf0KrDfhs46rigU | Security Question: | 
UNKNOWN_TYPE | X3XlRdtrBz0a6O_kXqynrr46rigU | Security Answer: | 
UNKNOWN_TYPE | X0WBbd4KZLSgCIb8WlZZNJ3g3fVk | Job Title: | 
UNKNOWN_TYPE | X229ZZcPc31emF7VTU0RPmITuTNc | Number of Employees: | 
UNKNOWN_TYPE | X12VEYcbdixhIflk8_zHDFWB72qk |  | siteupdates
UNKNOWN_TYPE | X12VEYcbdixhIflk8_zHDFWB72qk |  | research
UNKNOWN_TYPE | X12VEYcbdixhIflk8_zHDFWB72qk |  | thirdparty
UNKNOWN_TYPE | X1GJbe8rKlh_p74K4nXnhkGtC-8Q | You seem to have CSS turned off. Please don't fill out this field. | 
UNKNOWN_TYPE | X1GJbe8rKlx_p74K4nXnhkGtC-8Q | You seem to have CSS turned off. Please don't fill out this field. | 
