UNKNOWN_TYPE | payment_group | Payment Type We accept Visa, Mastercard, Discover, American Express, and PayPal. | cc
UNKNOWN_TYPE | payment_group | Payment Type We accept Visa, Mastercard, Discover, American Express, and PayPal. | paypal
CREDIT_CARD_NAME | ccFullName | (as it appears on the card) | 
CREDIT_CARD_NUMBER | ccNumber | (no dashes or spaces) | 
CREDIT_CARD_EXP_MONTH | ccExpMonth | Expiration date | 1
CREDIT_CARD_EXP_4_DIGIT_YEAR | ccExpYear | Your name (as it appears on the card) Credit card number (no dashes or spaces) Expiration date | 2011
CREDIT_CARD_VERIFICATION_CODE | ccSecurity | Security code | 
UNKNOWN_TYPE | sameinfo | First name Last name | on
NAME_FIRST | addrFirstName | First name | 
NAME_LAST | addrLastName | Last name | 
ADDRESS_HOME_LINE1 | addrStreet1 | (street address, PO box, company name) | 
ADDRESS_HOME_LINE2 | addrStreet2 | (apt, suite, building, floor, etc) | 
ADDRESS_HOME_CITY | addrCity | City | 
ADDRESS_HOME_STATE | addrState | State |  
ADDRESS_HOME_ZIP | addrZip | Postal code | 
