NAME_FIRST | user[billing][firstname] | First Name | 
NAME_LAST | user[billing][lastname] | Last Name | 
ADDRESS_BILLING_LINE1 | user[billing][address_first] | Billing Address | 
ADDRESS_BILLING_LINE2 | user[billing][address_second] | Billing Suite/Apt # | 
ADDRESS_BILLING_CITY | user[billing][city] | Billing City | 
ADDRESS_BILLING_STATE | user[billing][state] | State/Province | CA
ADDRESS_BILLING_ZIP | user[billing][zip] | Billing Postal Code | 94043
ADDRESS_BILLING_COUNTRY | user[billing][country] | Billing Country | US
PHONE_HOME_WHOLE_NUMBER | user[phone_first] | Phone Number | 
EMAIL_ADDRESS | user[email] | Email Address | 
EMAIL_ADDRESS | user[email_confirm] | Confirm Email Address | 
CREDIT_CARD_NUMBER | payment[cc_number] | Credit Card Number | 
CREDIT_CARD_EXP_MONTH | payment[cc_expmo] | Expiration Month | 
CREDIT_CARD_EXP_4_DIGIT_YEAR | payment[cc_expyr] | Expiration Year | 
CREDIT_CARD_VERIFICATION_CODE | payment[sigpanel] | CVV2/Panel Code | 
